Report for group default
Report for group I2R
Report for group I2O
------------------------------------------------------------------------------------------------------------------------------------------------------------
Startpoint: a[0]
    (Clocked by vsysclk R)
Endpoint: of
    (Clocked by vsysclk R)
Path Group: I2O
Data required time: 19500.0
    (Clock shift: 20000.0, minus Uncertainty: 0.0, plus Latency 0.0, minus Out delay: 500.0)
Data arrival time: 2948.6
Slack: 16551.4
Logic depth: 34
------------------------------------------------------------------------------------------------------------------------------------------------------------
                                                     Arrival               Arc      Net               Net    Total   fan-                                   
Path                     Module/Cell           Edge     Time    Delay    Delay    Delay     Slew     Load     Load    out     Location Power Domain      (V)
                                                        (ps)     (ps)     (ps)     (ps)     (ps)     (ff)     (ff)    (#)      (um,um)                      
------------------------------------------------------------------------------------------------------------------------------------------------------------
a[0]                     {set_input_delay}        f   1000.0   1000.0   1000.0                        2.3      5.7      1    40,    0                       
RCA1/genblk1_0_FA1/i_0/i_0/B->CO
                         FA_X1                   ff   1077.7     77.5     77.5      0.0      0.0      0.4      4.1      1    38,   38  /PD_TOP        (1.10)
RCA1/genblk1_1_FA1/i_0/i_0/A->CO
                         FA_X1                   ff   1159.4     81.9     81.7      0.2     16.6      0.4      4.1      1    38,   38  /PD_TOP        (1.10)
RCA1/genblk1_2_FA1/i_0/i_0/A->CO
                         FA_X1                   ff   1241.1     81.7     81.7      0.0     16.6      0.4      4.1      1    38,   38  /PD_TOP        (1.10)
RCA1/genblk1_3_FA1/i_0/i_0/A->CO
                         FA_X1                   ff   1322.8     81.7     81.7      0.0     16.6      0.4      4.1      1    38,   38  /PD_TOP        (1.10)
RCA1/genblk1_4_FA1/i_0/i_0/A->CO
                         FA_X1                   ff   1404.5     81.7     81.7      0.0     16.6      0.4      4.1      1    38,   38  /PD_TOP        (1.10)
RCA1/genblk1_5_FA1/i_0/i_0/A->CO
                         FA_X1                   ff   1486.2     81.7     81.7      0.0     16.6      0.4      4.1      1    38,   38  /PD_TOP        (1.10)
RCA1/genblk1_6_FA1/i_0/i_0/A->CO
                         FA_X1                   ff   1567.9     81.7     81.7      0.0     16.6      0.4      4.1      1    38,   38  /PD_TOP        (1.10)
RCA1/genblk1_7_FA1/i_0/i_0/A->CO
                         FA_X1                   ff   1649.6     81.7     81.7      0.0     16.6      0.4      4.1      1    38,   38  /PD_TOP        (1.10)
RCA1/genblk1_8_FA1/i_0/i_0/A->CO
                         FA_X1                   ff   1731.3     81.7     81.7      0.0     16.6      0.4      4.1      1    38,   38  /PD_TOP        (1.10)
RCA1/genblk1_9_FA1/i_0/i_0/A->CO
                         FA_X1                   ff   1813.0     81.7     81.7      0.0     16.6      0.4      4.1      1    38,   38  /PD_TOP        (1.10)
RCA1/genblk1_10_FA1/i_0/i_0/A->CO
                         FA_X1                   ff   1894.7     81.7     81.7      0.0     16.6      0.4      4.1      1    38,   38  /PD_TOP        (1.10)
RCA1/genblk1_11_FA1/i_0/i_0/A->CO
                         FA_X1                   ff   1976.4     81.7     81.7      0.0     16.6      0.4      4.1      1    38,   38  /PD_TOP        (1.10)
RCA1/genblk1_12_FA1/i_0/i_0/A->CO
                         FA_X1                   ff   2058.1     81.7     81.7      0.0     16.6      0.4      4.1      1    38,   38  /PD_TOP        (1.10)
RCA1/genblk1_13_FA1/i_0/i_0/A->CO
                         FA_X1                   ff   2139.8     81.7     81.7      0.0     16.6      0.4      4.1      1    38,   38  /PD_TOP        (1.10)
RCA1/genblk1_14_FA1/i_0/i_0/A->CO
                         FA_X1                   ff   2221.5     81.7     81.7      0.0     16.6      0.4      4.1      1    38,   38  /PD_TOP        (1.10)
RCA1/genblk1_15_FA1/i_0/i_0/A->CO
                         FA_X1                   ff   2307.4     85.9     85.9      0.0     16.6      0.6      5.9      2    38,   38  /PD_TOP        (1.10)
h1/i_0_1/A1->ZN          AND2_X4                 ff   2339.5     32.1     32.1      0.0     19.1      0.5      5.9      2    38,   38  /PD_TOP        (1.10)
genblk1_0_h2/i_0_1/A1->ZN
                         AND2_X4                 ff   2365.1     25.6     25.6      0.0      6.0      0.5      5.9      2    38,   38  /PD_TOP        (1.10)
genblk1_1_h2/i_0_1/A1->ZN
                         AND2_X4                 ff   2390.7     25.6     25.6      0.0      6.0      0.5      5.9      2    38,   38  /PD_TOP        (1.10)
genblk1_2_h2/i_0_1/A1->ZN
                         AND2_X4                 ff   2416.3     25.6     25.6      0.0      6.0      0.5      5.9      2    38,   38  /PD_TOP        (1.10)
genblk1_3_h2/i_0_1/A1->ZN
                         AND2_X4                 ff   2441.9     25.6     25.6      0.0      6.0      0.5      5.9      2    38,   38  /PD_TOP        (1.10)
genblk1_4_h2/i_0_1/A1->ZN
                         AND2_X4                 ff   2467.5     25.6     25.6      0.0      6.0      0.5      5.9      2    38,   38  /PD_TOP        (1.10)
genblk1_5_h2/i_0_1/A1->ZN
                         AND2_X4                 ff   2493.1     25.6     25.6      0.0      6.0      0.5      5.9      2    38,   38  /PD_TOP        (1.10)
genblk1_6_h2/i_0_1/A1->ZN
                         AND2_X4                 ff   2518.7     25.6     25.6      0.0      6.0      0.5      5.9      2    38,   38  /PD_TOP        (1.10)
genblk1_7_h2/i_0_1/A1->ZN
                         AND2_X4                 ff   2544.3     25.6     25.6      0.0      6.0      0.5      5.9      2    38,   38  /PD_TOP        (1.10)
genblk1_8_h2/i_0_1/A1->ZN
                         AND2_X4                 ff   2569.9     25.6     25.6      0.0      6.0      0.5      5.9      2    38,   38  /PD_TOP        (1.10)
genblk1_9_h2/i_0_1/A1->ZN
                         AND2_X4                 ff   2595.5     25.6     25.6      0.0      6.0      0.5      5.9      2    38,   38  /PD_TOP        (1.10)
genblk1_10_h2/i_0_1/A1->ZN
                         AND2_X4                 ff   2621.1     25.6     25.6      0.0      6.0      0.5      5.9      2    38,   38  /PD_TOP        (1.10)
genblk1_11_h2/i_0_1/A1->ZN
                         AND2_X4                 ff   2646.7     25.6     25.6      0.0      6.0      0.5      5.9      2    38,   38  /PD_TOP        (1.10)
genblk1_12_h2/i_0_1/A1->ZN
                         AND2_X4                 ff   2672.3     25.6     25.6      0.0      6.0      0.5      5.9      2    38,   38  /PD_TOP        (1.10)
genblk1_13_h2/i_0_1/A1->ZN
                         AND2_X4                 ff   2697.9     25.6     25.6      0.0      6.0      0.5      5.9      2    38,   38  /PD_TOP        (1.10)
genblk1_14_h2/i_0_0/A->Z XOR2_X2*                fr   2793.7     95.8     95.8      0.0      6.0      0.6     40.0      3    38,   38  /PD_TOP        (1.10)
OverFlow/i_0_2/A->ZN     INV_X8                  rf   2799.9      6.2      6.2      0.0     15.3      0.3      2.0      1    38,   38  /PD_TOP        (1.10)
OverFlow/i_0_3/B1->ZN    OAI33_X1                fr   2948.4    148.5    148.5      0.0      3.2      2.3     12.3      1    38,   38  /PD_TOP        (1.10)
of                                                r   2948.6      0.2               0.2    138.5                             41,    0                       
------------------------------------------------------------------------------------------------------------------------------------------------------------
Report for group R2O
