Report for group default
Report for group I2R
Report for group I2O
------------------------------------------------------------------------------------------------------------------------------------------------------------
Startpoint: in2[1]
    (Clocked by vsysclk R)
Endpoint: of
    (Clocked by vsysclk R)
Path Group: I2O
Data required time: 19500.0
    (Clock shift: 20000.0, minus Uncertainty: 0.0, plus Latency 0.0, minus Out delay: 500.0)
Data arrival time: 3914.5
Slack: 15585.5
Logic depth: 38
------------------------------------------------------------------------------------------------------------------------------------------------------------
                                                     Arrival               Arc      Net               Net    Total   fan-                                   
Path                     Module/Cell           Edge     Time    Delay    Delay    Delay     Slew     Load     Load    out     Location Power Domain      (V)
                                                        (ps)     (ps)     (ps)     (ps)     (ps)     (ff)     (ff)    (#)      (um,um)                      
------------------------------------------------------------------------------------------------------------------------------------------------------------
in2[1]                   {set_input_delay}        r   1000.0   1000.0   1000.0                        2.2      9.0      2    78,   39                       
i_0_6_3/B->ZN            XNOR2_X2                rf   1014.7     14.5     14.5      0.0      0.0      0.3      4.1      1    40,   39  /PD_TOP        (1.10)
i_0_6_4/A4->ZN           NOR4_X2                 fr   1089.7     75.0     75.0      0.0     11.1      0.3      2.6      1    40,   39  /PD_TOP        (1.10)
genblk2_0_MUX/i_0_0/S->Z MUX2_X2                 rf   1173.0     83.5     83.3      0.2     38.8      0.7      5.8      2    40,   39  /PD_TOP        (1.10)
genblk1_1_CBPA/genblk1_0_FA/i_0/i_0/A->CO
                         FA_X1                   ff   1253.1     80.1     80.1      0.0     11.9      0.4      4.1      1    40,   39  /PD_TOP        (1.10)
genblk1_1_CBPA/genblk1_1_FA/i_0/i_0/A->CO
                         FA_X1                   ff   1334.8     81.7     81.7      0.0     16.6      0.4      4.1      1    40,   39  /PD_TOP        (1.10)
genblk1_1_CBPA/genblk1_2_FA/i_0/i_0/A->CO
                         FA_X1                   ff   1416.5     81.7     81.7      0.0     16.6      0.4      4.1      1    40,   39  /PD_TOP        (1.10)
genblk1_1_CBPA/genblk1_3_FA/i_0/i_0/A->CO
                         FA_X1                   ff   1491.0     74.5     74.5      0.0     16.6      0.3      1.6      1    40,   39  /PD_TOP        (1.10)
genblk2_1_MUX/i_0_0/A->Z MUX2_X2                 ff   1551.4     60.4     60.4      0.0     12.7      0.7      5.8      2    40,   39  /PD_TOP        (1.10)
genblk1_2_CBPA/genblk1_0_FA/i_0/i_0/A->CO
                         FA_X1                   ff   1631.5     80.1     80.1      0.0     11.9      0.4      4.1      1    40,   39  /PD_TOP        (1.10)
genblk1_2_CBPA/genblk1_1_FA/i_0/i_0/A->CO
                         FA_X1                   ff   1713.2     81.7     81.7      0.0     16.6      0.4      4.1      1    40,   39  /PD_TOP        (1.10)
genblk1_2_CBPA/genblk1_2_FA/i_0/i_0/A->CO
                         FA_X1                   ff   1794.9     81.7     81.7      0.0     16.6      0.4      4.1      1    40,   39  /PD_TOP        (1.10)
genblk1_2_CBPA/genblk1_3_FA/i_0/i_0/A->CO
                         FA_X1                   ff   1869.4     74.5     74.5      0.0     16.6      0.3      1.6      1    40,   39  /PD_TOP        (1.10)
genblk2_2_MUX/i_0_0/A->Z MUX2_X2                 ff   1929.8     60.4     60.4      0.0     12.7      0.7      5.8      2    40,   39  /PD_TOP        (1.10)
genblk1_3_CBPA/genblk1_0_FA/i_0/i_0/A->CO
                         FA_X1                   ff   2009.9     80.1     80.1      0.0     11.9      0.4      4.1      1    40,   39  /PD_TOP        (1.10)
genblk1_3_CBPA/genblk1_1_FA/i_0/i_0/A->CO
                         FA_X1                   ff   2091.6     81.7     81.7      0.0     16.6      0.4      4.1      1    40,   39  /PD_TOP        (1.10)
genblk1_3_CBPA/genblk1_2_FA/i_0/i_0/A->CO
                         FA_X1                   ff   2173.3     81.7     81.7      0.0     16.6      0.4      4.1      1    40,   39  /PD_TOP        (1.10)
genblk1_3_CBPA/genblk1_3_FA/i_0/i_0/A->CO
                         FA_X1                   ff   2247.8     74.5     74.5      0.0     16.6      0.3      1.6      1    40,   39  /PD_TOP        (1.10)
genblk2_3_MUX/i_0_0/A->Z MUX2_X2                 ff   2308.2     60.4     60.4      0.0     12.7      0.7      5.8      2    40,   39  /PD_TOP        (1.10)
genblk1_4_CBPA/genblk1_0_FA/i_0/i_0/A->CO
                         FA_X1                   ff   2388.3     80.1     80.1      0.0     11.9      0.4      4.1      1    40,   39  /PD_TOP        (1.10)
genblk1_4_CBPA/genblk1_1_FA/i_0/i_0/A->CO
                         FA_X1                   ff   2470.0     81.7     81.7      0.0     16.6      0.4      4.1      1    40,   39  /PD_TOP        (1.10)
genblk1_4_CBPA/genblk1_2_FA/i_0/i_0/A->CO
                         FA_X1                   ff   2551.7     81.7     81.7      0.0     16.6      0.4      4.1      1    40,   39  /PD_TOP        (1.10)
genblk1_4_CBPA/genblk1_3_FA/i_0/i_0/A->CO
                         FA_X1                   ff   2626.2     74.5     74.5      0.0     16.6      0.3      1.6      1    40,   39  /PD_TOP        (1.10)
genblk2_4_MUX/i_0_0/A->Z MUX2_X2                 ff   2686.6     60.4     60.4      0.0     12.7      0.7      5.8      2    40,   39  /PD_TOP        (1.10)
genblk1_5_CBPA/genblk1_0_FA/i_0/i_0/A->CO
                         FA_X1                   ff   2766.7     80.1     80.1      0.0     11.9      0.4      4.1      1    40,   39  /PD_TOP        (1.10)
genblk1_5_CBPA/genblk1_1_FA/i_0/i_0/A->CO
                         FA_X1                   ff   2848.4     81.7     81.7      0.0     16.6      0.4      4.1      1    40,   39  /PD_TOP        (1.10)
genblk1_5_CBPA/genblk1_2_FA/i_0/i_0/A->CO
                         FA_X1                   ff   2930.1     81.7     81.7      0.0     16.6      0.4      4.1      1    40,   39  /PD_TOP        (1.10)
genblk1_5_CBPA/genblk1_3_FA/i_0/i_0/A->CO
                         FA_X1                   ff   3004.6     74.5     74.5      0.0     16.6      0.3      1.6      1    40,   39  /PD_TOP        (1.10)
genblk2_5_MUX/i_0_0/A->Z MUX2_X2                 ff   3065.0     60.4     60.4      0.0     12.7      0.7      5.8      2    40,   39  /PD_TOP        (1.10)
genblk1_6_CBPA/genblk1_0_FA/i_0/i_0/A->CO
                         FA_X1                   ff   3145.1     80.1     80.1      0.0     11.9      0.4      4.1      1    40,   39  /PD_TOP        (1.10)
genblk1_6_CBPA/genblk1_1_FA/i_0/i_0/A->CO
                         FA_X1                   ff   3226.8     81.7     81.7      0.0     16.6      0.4      4.1      1    40,   39  /PD_TOP        (1.10)
genblk1_6_CBPA/genblk1_2_FA/i_0/i_0/A->CO
                         FA_X1                   ff   3308.5     81.7     81.7      0.0     16.6      0.4      4.1      1    40,   39  /PD_TOP        (1.10)
genblk1_6_CBPA/genblk1_3_FA/i_0/i_0/A->CO
                         FA_X1                   ff   3383.0     74.5     74.5      0.0     16.6      0.3      1.6      1    40,   39  /PD_TOP        (1.10)
genblk2_6_MUX/i_0_0/A->Z MUX2_X2                 ff   3441.3     58.3     58.3      0.0     12.7      0.3      4.1      1    40,   39  /PD_TOP        (1.10)
genblk1_7_CBPA/genblk1_0_FA/i_0/i_0/A->CO
                         FA_X1                   ff   3521.1     79.8     79.8      0.0     11.0      0.4      4.1      1    40,   39  /PD_TOP        (1.10)
genblk1_7_CBPA/genblk1_1_FA/i_0/i_0/A->CO
                         FA_X1                   ff   3602.8     81.7     81.7      0.0     16.6      0.4      4.1      1    40,   39  /PD_TOP        (1.10)
genblk1_7_CBPA/genblk1_2_FA/i_0/i_0/A->CO
                         FA_X1                   ff   3684.5     81.7     81.7      0.0     16.6      0.4      4.1      1    40,   39  /PD_TOP        (1.10)
genblk1_7_CBPA/genblk1_3_FA/i_0/i_0/A->S
                         FA_X1*                  fr   3865.6    181.1    181.1      0.0     16.6      0.7     40.1      3    40,   39  /PD_TOP        (1.10)
OverFlow/i_0_3/A3->ZN    OAI33_X1                rf   3914.3     48.7     48.7      0.0     15.3      2.4     12.4      1    40,   39  /PD_TOP        (1.10)
of                                                f   3914.5      0.2               0.2     33.9                             78,   36                       
------------------------------------------------------------------------------------------------------------------------------------------------------------
Report for group R2O
