warning: No library characterized for (process = 1.00 voltage = 0.85 temperature = 25.00) can be found in the database for power domain '/PD_TOP'  [NL-174]
Report Power (instances with prefix '*' are included in total) : 
-----+---------------+--------------------+---------------------+-------------------+-----------------
     | Instance      | Internal Power(uw) | Switching Power(uw) | Leakage Power(uw) | Total Power(uw) 
-----+---------------+--------------------+---------------------+-------------------+-----------------
1    |*regA          |           36.711792|            86.483307|           3.429893|       126.624992
2    |*regB          |           36.439880|            32.750851|           3.429893|        72.620628
3    |*radix4BoothIns|          221.470383|           849.452881|          53.352219|      1124.275513
4    |*outB          |           34.503029|            36.063961|           3.429893|        73.996887
5    |*outA          |           34.501553|            35.933689|           3.429893|        73.865135
6    |               |                    |                     |                   |                 
7    |*TOTAL         |          363.626617|          1040.684692|          67.071793|      1471.383057
-----+---------------+--------------------+---------------------+-------------------+-----------------
