Report for group default
Report for group I2R
Report for group I2O
------------------------------------------------------------------------------------------------------------------------------------------------------------
Startpoint: A[0]
    (Clocked by vsysclk R)
Endpoint: of
    (Clocked by vsysclk R)
Path Group: I2O
Data required time: 19500.0
    (Clock shift: 20000.0, minus Uncertainty: 0.0, plus Latency 0.0, minus Out delay: 500.0)
Data arrival time: 3886.9
Slack: 15613.1
Logic depth: 35
------------------------------------------------------------------------------------------------------------------------------------------------------------
                                                     Arrival               Arc      Net               Net    Total   fan-                                   
Path                     Module/Cell           Edge     Time    Delay    Delay    Delay     Slew     Load     Load    out     Location Power Domain      (V)
                                                        (ps)     (ps)     (ps)     (ps)     (ps)     (ff)     (ff)    (#)      (um,um)                      
------------------------------------------------------------------------------------------------------------------------------------------------------------
A[0]                     {set_input_delay}        f   1000.0   1000.0   1000.0                        2.3      5.8      1    80,   39                       
rca16/genblk1_0_FA1/i_0/i_0/B->CO
                         FA_X1                   ff   1077.7     77.5     77.5      0.0      0.0      0.4      4.1      1    40,   39  /PD_TOP        (1.10)
rca16/genblk1_1_FA1/i_0/i_0/A->CO
                         FA_X1                   ff   1159.4     81.9     81.7      0.2     16.6      0.4      4.1      1    40,   39  /PD_TOP        (1.10)
rca16/genblk1_2_FA1/i_0/i_0/A->CO
                         FA_X1                   ff   1241.1     81.7     81.7      0.0     16.6      0.4      4.1      1    40,   39  /PD_TOP        (1.10)
rca16/genblk1_3_FA1/i_0/i_0/A->CO
                         FA_X1                   ff   1322.8     81.7     81.7      0.0     16.6      0.4      4.1      1    40,   39  /PD_TOP        (1.10)
rca16/genblk1_4_FA1/i_0/i_0/A->CO
                         FA_X1                   ff   1404.5     81.7     81.7      0.0     16.6      0.4      4.1      1    40,   39  /PD_TOP        (1.10)
rca16/genblk1_5_FA1/i_0/i_0/A->CO
                         FA_X1                   ff   1486.2     81.7     81.7      0.0     16.6      0.4      4.1      1    40,   39  /PD_TOP        (1.10)
rca16/genblk1_6_FA1/i_0/i_0/A->CO
                         FA_X1                   ff   1567.9     81.7     81.7      0.0     16.6      0.4      4.1      1    40,   39  /PD_TOP        (1.10)
rca16/genblk1_7_FA1/i_0/i_0/A->CO
                         FA_X1                   ff   1649.6     81.7     81.7      0.0     16.6      0.4      4.1      1    40,   39  /PD_TOP        (1.10)
rca16/genblk1_8_FA1/i_0/i_0/A->CO
                         FA_X1                   ff   1731.3     81.7     81.7      0.0     16.6      0.4      4.1      1    40,   39  /PD_TOP        (1.10)
rca16/genblk1_9_FA1/i_0/i_0/A->CO
                         FA_X1                   ff   1813.0     81.7     81.7      0.0     16.6      0.4      4.1      1    40,   39  /PD_TOP        (1.10)
rca16/genblk1_10_FA1/i_0/i_0/A->CO
                         FA_X1                   ff   1894.7     81.7     81.7      0.0     16.6      0.4      4.1      1    40,   39  /PD_TOP        (1.10)
rca16/genblk1_11_FA1/i_0/i_0/A->CO
                         FA_X1                   ff   1976.4     81.7     81.7      0.0     16.6      0.4      4.1      1    40,   39  /PD_TOP        (1.10)
rca16/genblk1_12_FA1/i_0/i_0/A->CO
                         FA_X1                   ff   2058.1     81.7     81.7      0.0     16.6      0.4      4.1      1    40,   39  /PD_TOP        (1.10)
rca16/genblk1_13_FA1/i_0/i_0/A->CO
                         FA_X1                   ff   2139.8     81.7     81.7      0.0     16.6      0.4      4.1      1    40,   39  /PD_TOP        (1.10)
rca16/genblk1_14_FA1/i_0/i_0/A->CO
                         FA_X1                   ff   2221.5     81.7     81.7      0.0     16.6      0.4      4.1      1    40,   39  /PD_TOP        (1.10)
rca16/genblk1_15_FA1/i_0/i_0/A->CO
                         FA_X1                   ff   2312.5     91.0     91.0      0.0     16.6      0.7      8.2      2    40,   39  /PD_TOP        (1.10)
rca16_0/genblk1_0_FA1/i_0/i_0/A->CO
                         FA_X1                   ff   2396.5     84.0     84.0      0.0     22.0      0.4      4.1      1    40,   39  /PD_TOP        (1.10)
rca16_0/genblk1_1_FA1/i_0/i_0/A->CO
                         FA_X1                   ff   2478.2     81.7     81.7      0.0     16.6      0.4      4.1      1    40,   39  /PD_TOP        (1.10)
rca16_0/genblk1_2_FA1/i_0/i_0/A->CO
                         FA_X1                   ff   2559.9     81.7     81.7      0.0     16.6      0.4      4.1      1    40,   39  /PD_TOP        (1.10)
rca16_0/genblk1_3_FA1/i_0/i_0/A->CO
                         FA_X1                   ff   2641.6     81.7     81.7      0.0     16.6      0.4      4.1      1    40,   39  /PD_TOP        (1.10)
rca16_0/genblk1_4_FA1/i_0/i_0/A->CO
                         FA_X1                   ff   2723.3     81.7     81.7      0.0     16.6      0.4      4.1      1    40,   39  /PD_TOP        (1.10)
rca16_0/genblk1_5_FA1/i_0/i_0/A->CO
                         FA_X1                   ff   2805.0     81.7     81.7      0.0     16.6      0.4      4.1      1    40,   39  /PD_TOP        (1.10)
rca16_0/genblk1_6_FA1/i_0/i_0/A->CO
                         FA_X1                   ff   2886.7     81.7     81.7      0.0     16.6      0.4      4.1      1    40,   39  /PD_TOP        (1.10)
rca16_0/genblk1_7_FA1/i_0/i_0/A->CO
                         FA_X1                   ff   2968.4     81.7     81.7      0.0     16.6      0.4      4.1      1    40,   39  /PD_TOP        (1.10)
rca16_0/genblk1_8_FA1/i_0/i_0/A->CO
                         FA_X1                   ff   3050.1     81.7     81.7      0.0     16.6      0.4      4.1      1    40,   39  /PD_TOP        (1.10)
rca16_0/genblk1_9_FA1/i_0/i_0/A->CO
                         FA_X1                   ff   3131.8     81.7     81.7      0.0     16.6      0.4      4.1      1    40,   39  /PD_TOP        (1.10)
rca16_0/genblk1_10_FA1/i_0/i_0/A->CO
                         FA_X1                   ff   3213.5     81.7     81.7      0.0     16.6      0.4      4.1      1    40,   39  /PD_TOP        (1.10)
rca16_0/genblk1_11_FA1/i_0/i_0/A->CO
                         FA_X1                   ff   3295.2     81.7     81.7      0.0     16.6      0.4      4.1      1    40,   39  /PD_TOP        (1.10)
rca16_0/genblk1_12_FA1/i_0/i_0/A->CO
                         FA_X1                   ff   3376.9     81.7     81.7      0.0     16.6      0.4      4.1      1    40,   39  /PD_TOP        (1.10)
rca16_0/genblk1_13_FA1/i_0/i_0/A->CO
                         FA_X1                   ff   3458.6     81.7     81.7      0.0     16.6      0.4      4.1      1    40,   39  /PD_TOP        (1.10)
rca16_0/genblk1_14_FA1/i_0/i_0/A->CO
                         FA_X1                   ff   3540.3     81.7     81.7      0.0     16.6      0.4      4.1      1    40,   39  /PD_TOP        (1.10)
rca16_0/genblk1_15_FA1/i_0/i_0/A->S
                         FA_X1                   fr   3654.6    114.3    114.3      0.0     16.6      0.3      1.6      1    40,   39  /PD_TOP        (1.10)
genblk1_15_mux/i_0_0/A->Z
                         MUX2_X2*                rr   3731.9     77.3     77.3      0.0     10.9      0.7     40.2      3    40,   39  /PD_TOP        (1.10)
OverFlow/i_0_2/A->ZN     INV_X8                  rf   3738.1      6.2      6.2      0.0     15.3      0.3      2.0      1    40,   39  /PD_TOP        (1.10)
OverFlow/i_0_3/B1->ZN    OAI33_X1                fr   3886.7    148.6    148.6      0.0      3.2      2.3     12.3      1    40,   39  /PD_TOP        (1.10)
of                                                r   3886.9      0.2               0.2    138.7                             80,   40                       
------------------------------------------------------------------------------------------------------------------------------------------------------------
Report for group R2O
