Report Instance Areas: 
-----+----------------+------------------------+-----+---------
     |Instance        |Module                  |Cells|Cell Area
-----+----------------+------------------------+-----+---------
1    |top             |                        |   78|      207
2    |  OverFlow      |overflow                |    4|        3
3    |  genblk2_0_MUX |mux_2x1__0_78           |    1|        2
4    |  genblk2_1_MUX |mux_2x1__0_80           |    1|        2
5    |  genblk2_2_MUX |mux_2x1__0_82           |    1|        2
6    |  genblk2_3_MUX |mux_2x1__0_84           |    1|        2
7    |  genblk2_4_MUX |mux_2x1__0_86           |    1|        2
8    |  genblk2_5_MUX |mux_2x1__0_88           |    1|        2
9    |  genblk2_6_MUX |mux_2x1                 |    1|        2
10   |  genblk1_7_CBPA|carry_bypass_4_bit__0_22|    4|       17
11   |    genblk1_0_FA|Fulladder__0_21         |    1|        4
12   |    genblk1_1_FA|Fulladder__0_19         |    1|        4
13   |    genblk1_2_FA|Fulladder__0_17         |    1|        4
14   |    genblk1_3_FA|Fulladder__0_15         |    1|        4
15   |  genblk1_6_CBPA|carry_bypass_4_bit__0_31|    4|       17
16   |    genblk1_0_FA|Fulladder__0_30         |    1|        4
17   |    genblk1_1_FA|Fulladder__0_28         |    1|        4
18   |    genblk1_2_FA|Fulladder__0_26         |    1|        4
19   |    genblk1_3_FA|Fulladder__0_24         |    1|        4
20   |  genblk1_5_CBPA|carry_bypass_4_bit__0_40|    4|       17
21   |    genblk1_0_FA|Fulladder__0_39         |    1|        4
22   |    genblk1_1_FA|Fulladder__0_37         |    1|        4
23   |    genblk1_2_FA|Fulladder__0_35         |    1|        4
24   |    genblk1_3_FA|Fulladder__0_33         |    1|        4
25   |  genblk1_4_CBPA|carry_bypass_4_bit__0_49|    4|       17
26   |    genblk1_0_FA|Fulladder__0_48         |    1|        4
27   |    genblk1_1_FA|Fulladder__0_46         |    1|        4
28   |    genblk1_2_FA|Fulladder__0_44         |    1|        4
29   |    genblk1_3_FA|Fulladder__0_42         |    1|        4
30   |  genblk1_3_CBPA|carry_bypass_4_bit__0_58|    4|       17
31   |    genblk1_0_FA|Fulladder__0_57         |    1|        4
32   |    genblk1_1_FA|Fulladder__0_55         |    1|        4
33   |    genblk1_2_FA|Fulladder__0_53         |    1|        4
34   |    genblk1_3_FA|Fulladder__0_51         |    1|        4
35   |  genblk1_2_CBPA|carry_bypass_4_bit__0_67|    4|       17
36   |    genblk1_0_FA|Fulladder__0_66         |    1|        4
37   |    genblk1_1_FA|Fulladder__0_64         |    1|        4
38   |    genblk1_2_FA|Fulladder__0_62         |    1|        4
39   |    genblk1_3_FA|Fulladder__0_60         |    1|        4
40   |  genblk1_1_CBPA|carry_bypass_4_bit__0_76|    4|       17
41   |    genblk1_0_FA|Fulladder__0_75         |    1|        4
42   |    genblk1_1_FA|Fulladder__0_73         |    1|        4
43   |    genblk1_2_FA|Fulladder__0_71         |    1|        4
44   |    genblk1_3_FA|Fulladder__0_69         |    1|        4
45   |  genblk1_0_CBPA|carry_bypass_4_bit      |    4|       17
46   |    genblk1_0_FA|Fulladder__0_9          |    1|        4
47   |    genblk1_1_FA|Fulladder__0_11         |    1|        4
48   |    genblk1_2_FA|Fulladder__0_13         |    1|        4
49   |    genblk1_3_FA|Fulladder               |    1|        4
-----+----------------+------------------------+-----+---------
