Report for group default
Report for group I2R
Report for group I2O
------------------------------------------------------------------------------------------------------------------------------------------------------------
Startpoint: in1[0]
    (Clocked by vsysclk R)
Endpoint: of
    (Clocked by vsysclk R)
Path Group: I2O
Data required time: 19500.0
    (Clock shift: 20000.0, minus Uncertainty: 0.0, plus Latency 0.0, minus Out delay: 500.0)
Data arrival time: 3864.7
Slack: 15635.3
Logic depth: 34
------------------------------------------------------------------------------------------------------------------------------------------------------------
                                                     Arrival               Arc      Net               Net    Total   fan-                                   
Path                     Module/Cell           Edge     Time    Delay    Delay    Delay     Slew     Load     Load    out     Location Power Domain      (V)
                                                        (ps)     (ps)     (ps)     (ps)     (ps)     (ff)     (ff)    (#)      (um,um)                      
------------------------------------------------------------------------------------------------------------------------------------------------------------
in1[0]                   {set_input_delay}        f   1000.0   1000.0   1000.0                        2.2      5.7      1    39,    0                       
genblk1_0_FA/i_0/i_0/B->CO
                         FA_X1                   ff   1077.7     77.5     77.5      0.0      0.0      0.4      4.1      1    37,   37  /PD_TOP        (1.10)
genblk1_1_FA/i_0/i_0/A->CO
                         FA_X1                   ff   1159.4     81.9     81.7      0.2     16.6      0.4      4.1      1    37,   37  /PD_TOP        (1.10)
genblk1_2_FA/i_0/i_0/A->CO
                         FA_X1                   ff   1241.1     81.7     81.7      0.0     16.6      0.4      4.1      1    37,   37  /PD_TOP        (1.10)
genblk1_3_FA/i_0/i_0/A->CO
                         FA_X1                   ff   1322.8     81.7     81.7      0.0     16.6      0.4      4.1      1    37,   37  /PD_TOP        (1.10)
genblk1_4_FA/i_0/i_0/A->CO
                         FA_X1                   ff   1404.5     81.7     81.7      0.0     16.6      0.4      4.1      1    37,   37  /PD_TOP        (1.10)
genblk1_5_FA/i_0/i_0/A->CO
                         FA_X1                   ff   1486.2     81.7     81.7      0.0     16.6      0.4      4.1      1    37,   37  /PD_TOP        (1.10)
genblk1_6_FA/i_0/i_0/A->CO
                         FA_X1                   ff   1567.9     81.7     81.7      0.0     16.6      0.4      4.1      1    37,   37  /PD_TOP        (1.10)
genblk1_7_FA/i_0/i_0/A->CO
                         FA_X1                   ff   1649.6     81.7     81.7      0.0     16.6      0.4      4.1      1    37,   37  /PD_TOP        (1.10)
genblk1_8_FA/i_0/i_0/A->CO
                         FA_X1                   ff   1731.3     81.7     81.7      0.0     16.6      0.4      4.1      1    37,   37  /PD_TOP        (1.10)
genblk1_9_FA/i_0/i_0/A->CO
                         FA_X1                   ff   1813.0     81.7     81.7      0.0     16.6      0.4      4.1      1    37,   37  /PD_TOP        (1.10)
genblk1_10_FA/i_0/i_0/A->CO
                         FA_X1                   ff   1894.7     81.7     81.7      0.0     16.6      0.4      4.1      1    37,   37  /PD_TOP        (1.10)
genblk1_11_FA/i_0/i_0/A->CO
                         FA_X1                   ff   1976.4     81.7     81.7      0.0     16.6      0.4      4.1      1    37,   37  /PD_TOP        (1.10)
genblk1_12_FA/i_0/i_0/A->CO
                         FA_X1                   ff   2058.1     81.7     81.7      0.0     16.6      0.4      4.1      1    37,   37  /PD_TOP        (1.10)
genblk1_13_FA/i_0/i_0/A->CO
                         FA_X1                   ff   2139.8     81.7     81.7      0.0     16.6      0.4      4.1      1    37,   37  /PD_TOP        (1.10)
genblk1_14_FA/i_0/i_0/A->CO
                         FA_X1                   ff   2221.5     81.7     81.7      0.0     16.6      0.4      4.1      1    37,   37  /PD_TOP        (1.10)
genblk1_15_FA/i_0/i_0/A->CO
                         FA_X1                   ff   2303.2     81.7     81.7      0.0     16.6      0.4      4.1      1    37,   37  /PD_TOP        (1.10)
genblk1_16_FA/i_0/i_0/A->CO
                         FA_X1                   ff   2384.9     81.7     81.7      0.0     16.6      0.4      4.1      1    37,   37  /PD_TOP        (1.10)
genblk1_17_FA/i_0/i_0/A->CO
                         FA_X1                   ff   2466.6     81.7     81.7      0.0     16.6      0.4      4.1      1    37,   37  /PD_TOP        (1.10)
genblk1_18_FA/i_0/i_0/A->CO
                         FA_X1                   ff   2548.3     81.7     81.7      0.0     16.6      0.4      4.1      1    37,   37  /PD_TOP        (1.10)
genblk1_19_FA/i_0/i_0/A->CO
                         FA_X1                   ff   2630.0     81.7     81.7      0.0     16.6      0.4      4.1      1    37,   37  /PD_TOP        (1.10)
genblk1_20_FA/i_0/i_0/A->CO
                         FA_X1                   ff   2711.7     81.7     81.7      0.0     16.6      0.4      4.1      1    37,   37  /PD_TOP        (1.10)
genblk1_21_FA/i_0/i_0/A->CO
                         FA_X1                   ff   2793.4     81.7     81.7      0.0     16.6      0.4      4.1      1    37,   37  /PD_TOP        (1.10)
genblk1_22_FA/i_0/i_0/A->CO
                         FA_X1                   ff   2875.1     81.7     81.7      0.0     16.6      0.4      4.1      1    37,   37  /PD_TOP        (1.10)
genblk1_23_FA/i_0/i_0/A->CO
                         FA_X1                   ff   2956.8     81.7     81.7      0.0     16.6      0.4      4.1      1    37,   37  /PD_TOP        (1.10)
genblk1_24_FA/i_0/i_0/A->CO
                         FA_X1                   ff   3038.5     81.7     81.7      0.0     16.6      0.4      4.1      1    37,   37  /PD_TOP        (1.10)
genblk1_25_FA/i_0/i_0/A->CO
                         FA_X1                   ff   3120.2     81.7     81.7      0.0     16.6      0.4      4.1      1    37,   37  /PD_TOP        (1.10)
genblk1_26_FA/i_0/i_0/A->CO
                         FA_X1                   ff   3201.9     81.7     81.7      0.0     16.6      0.4      4.1      1    37,   37  /PD_TOP        (1.10)
genblk1_27_FA/i_0/i_0/A->CO
                         FA_X1                   ff   3283.6     81.7     81.7      0.0     16.6      0.4      4.1      1    37,   37  /PD_TOP        (1.10)
genblk1_28_FA/i_0/i_0/A->CO
                         FA_X1                   ff   3365.3     81.7     81.7      0.0     16.6      0.4      4.1      1    37,   37  /PD_TOP        (1.10)
genblk1_29_FA/i_0/i_0/A->CO
                         FA_X1                   ff   3447.0     81.7     81.7      0.0     16.6      0.4      4.1      1    37,   37  /PD_TOP        (1.10)
genblk1_30_FA/i_0/i_0/A->CO
                         FA_X1                   ff   3528.7     81.7     81.7      0.0     16.6      0.4      4.1      1    37,   37  /PD_TOP        (1.10)
genblk1_31_FA/i_0/i_0/A->S
                         FA_X1*                  fr   3709.8    181.1    181.1      0.0     16.6      0.7     40.0      3    37,   37  /PD_TOP        (1.10)
OverFlow/i_0_2/A->ZN     INV_X8                  rf   3716.0      6.2      6.2      0.0     15.3      0.3      2.0      1    37,   37  /PD_TOP        (1.10)
OverFlow/i_0_3/B1->ZN    OAI33_X1                fr   3864.5    148.5    148.5      0.0      3.2      2.3     12.3      1    37,   37  /PD_TOP        (1.10)
of                                                r   3864.7      0.2               0.2    138.5                             41,    0                       
------------------------------------------------------------------------------------------------------------------------------------------------------------
Report for group R2O
