warning: No library characterized for (process = 1.00 voltage = 0.85 temperature = 25.00) can be found in the database for power domain '/PD_TOP'  [NL-174]
Report Power (instances with prefix '*' are included in total) : 
-----+----------+--------------------+---------------------+-------------------+-----------------
     | Instance | Internal Power(uw) | Switching Power(uw) | Leakage Power(uw) | Total Power(uw) 
-----+----------+--------------------+---------------------+-------------------+-----------------
1    |*RCA3     |            1.473466|             1.988173|           0.606098|         4.067737
2    |*RCA2     |            1.473426|             1.986254|           0.606098|         4.065778
3    |*RCA1     |            1.474522|             1.984334|           0.606098|         4.064954
4    |*RCA4     |            1.476546|             2.371324|           0.606098|         4.453968
5    |*CSAP     |            0.315792|             0.267241|           0.178365|         0.761398
6    |*mux      |            0.082488|             0.185748|           0.035928|         0.304165
7    |*OverFlow |            0.127816|             0.223124|           0.091374|         0.442313
8    |          |                    |                     |                   |                 
9    |*TOTAL    |            6.424056|             9.006198|           2.730059|        18.160315
-----+----------+--------------------+---------------------+-------------------+-----------------
