Report for group default
Report for group I2R
Report for group I2O
------------------------------------------------------------------------------------------------------------------------------------------------------------
Startpoint: a[0]
    (Clocked by vsysclk R)
Endpoint: of
    (Clocked by vsysclk R)
Path Group: I2O
Data required time: 19500.0
    (Clock shift: 20000.0, minus Uncertainty: 0.0, plus Latency 0.0, minus Out delay: 500.0)
Data arrival time: 3864.3
Slack: 15635.7
Logic depth: 34
------------------------------------------------------------------------------------------------------------------------------------------------------------
                                                     Arrival               Arc      Net               Net    Total   fan-                                   
Path                     Module/Cell           Edge     Time    Delay    Delay    Delay     Slew     Load     Load    out     Location Power Domain      (V)
                                                        (ps)     (ps)     (ps)     (ps)     (ps)     (ff)     (ff)    (#)      (um,um)                      
------------------------------------------------------------------------------------------------------------------------------------------------------------
a[0]                     {set_input_delay}        f   1000.0   1000.0   1000.0                        2.2      9.1      2     0,   39                       
RCA1/FA1/i_0/i_0/B->CO   FA_X1                   ff   1077.7     77.7     77.5      0.2      0.0      0.4      4.1      1    38,   38  /PD_TOP        (1.10)
RCA1/FA2/i_0/i_0/A->CO   FA_X1                   ff   1159.4     81.7     81.7      0.0     16.6      0.4      4.1      1    38,   38  /PD_TOP        (1.10)
RCA1/FA3/i_0/i_0/A->CO   FA_X1                   ff   1241.1     81.7     81.7      0.0     16.6      0.4      4.1      1    38,   38  /PD_TOP        (1.10)
RCA1/FA4/i_0/i_0/A->CO   FA_X1                   ff   1322.8     81.7     81.7      0.0     16.6      0.4      4.1      1    38,   38  /PD_TOP        (1.10)
RCA1/FA5/i_0/i_0/A->CO   FA_X1                   ff   1404.5     81.7     81.7      0.0     16.6      0.4      4.1      1    38,   38  /PD_TOP        (1.10)
RCA1/FA6/i_0/i_0/A->CO   FA_X1                   ff   1486.2     81.7     81.7      0.0     16.6      0.4      4.1      1    38,   38  /PD_TOP        (1.10)
RCA1/FA7/i_0/i_0/A->CO   FA_X1                   ff   1567.9     81.7     81.7      0.0     16.6      0.4      4.1      1    38,   38  /PD_TOP        (1.10)
RCA1/FA8/i_0/i_0/A->CO   FA_X1                   ff   1649.6     81.7     81.7      0.0     16.6      0.4      4.1      1    38,   38  /PD_TOP        (1.10)
RCA2/FA1/i_0/i_0/A->CO   FA_X1                   ff   1731.3     81.7     81.7      0.0     16.6      0.4      4.1      1    38,   38  /PD_TOP        (1.10)
RCA2/FA2/i_0/i_0/A->CO   FA_X1                   ff   1813.0     81.7     81.7      0.0     16.6      0.4      4.1      1    38,   38  /PD_TOP        (1.10)
RCA2/FA3/i_0/i_0/A->CO   FA_X1                   ff   1894.7     81.7     81.7      0.0     16.6      0.4      4.1      1    38,   38  /PD_TOP        (1.10)
RCA2/FA4/i_0/i_0/A->CO   FA_X1                   ff   1976.4     81.7     81.7      0.0     16.6      0.4      4.1      1    38,   38  /PD_TOP        (1.10)
RCA2/FA5/i_0/i_0/A->CO   FA_X1                   ff   2058.1     81.7     81.7      0.0     16.6      0.4      4.1      1    38,   38  /PD_TOP        (1.10)
RCA2/FA6/i_0/i_0/A->CO   FA_X1                   ff   2139.8     81.7     81.7      0.0     16.6      0.4      4.1      1    38,   38  /PD_TOP        (1.10)
RCA2/FA7/i_0/i_0/A->CO   FA_X1                   ff   2221.5     81.7     81.7      0.0     16.6      0.4      4.1      1    38,   38  /PD_TOP        (1.10)
RCA2/FA8/i_0/i_0/A->CO   FA_X1                   ff   2303.2     81.7     81.7      0.0     16.6      0.4      4.1      1    38,   38  /PD_TOP        (1.10)
RCA3/FA1/i_0/i_0/A->CO   FA_X1                   ff   2384.9     81.7     81.7      0.0     16.6      0.4      4.1      1    38,   38  /PD_TOP        (1.10)
RCA3/FA2/i_0/i_0/A->CO   FA_X1                   ff   2466.6     81.7     81.7      0.0     16.6      0.4      4.1      1    38,   38  /PD_TOP        (1.10)
RCA3/FA3/i_0/i_0/A->CO   FA_X1                   ff   2548.3     81.7     81.7      0.0     16.6      0.4      4.1      1    38,   38  /PD_TOP        (1.10)
RCA3/FA4/i_0/i_0/A->CO   FA_X1                   ff   2630.0     81.7     81.7      0.0     16.6      0.4      4.1      1    38,   38  /PD_TOP        (1.10)
RCA3/FA5/i_0/i_0/A->CO   FA_X1                   ff   2711.7     81.7     81.7      0.0     16.6      0.4      4.1      1    38,   38  /PD_TOP        (1.10)
RCA3/FA6/i_0/i_0/A->CO   FA_X1                   ff   2793.4     81.7     81.7      0.0     16.6      0.4      4.1      1    38,   38  /PD_TOP        (1.10)
RCA3/FA7/i_0/i_0/A->CO   FA_X1                   ff   2875.1     81.7     81.7      0.0     16.6      0.4      4.1      1    38,   38  /PD_TOP        (1.10)
RCA3/FA8/i_0/i_0/A->CO   FA_X1                   ff   2956.8     81.7     81.7      0.0     16.6      0.4      4.1      1    38,   38  /PD_TOP        (1.10)
RCA4/FA1/i_0/i_0/A->CO   FA_X1                   ff   3038.5     81.7     81.7      0.0     16.6      0.4      4.1      1    38,   38  /PD_TOP        (1.10)
RCA4/FA2/i_0/i_0/A->CO   FA_X1                   ff   3120.2     81.7     81.7      0.0     16.6      0.4      4.1      1    38,   38  /PD_TOP        (1.10)
RCA4/FA3/i_0/i_0/A->CO   FA_X1                   ff   3201.9     81.7     81.7      0.0     16.6      0.4      4.1      1    38,   38  /PD_TOP        (1.10)
RCA4/FA4/i_0/i_0/A->CO   FA_X1                   ff   3283.6     81.7     81.7      0.0     16.6      0.4      4.1      1    38,   38  /PD_TOP        (1.10)
RCA4/FA5/i_0/i_0/A->CO   FA_X1                   ff   3365.3     81.7     81.7      0.0     16.6      0.4      4.1      1    38,   38  /PD_TOP        (1.10)
RCA4/FA6/i_0/i_0/A->CO   FA_X1                   ff   3447.0     81.7     81.7      0.0     16.6      0.4      4.1      1    38,   38  /PD_TOP        (1.10)
RCA4/FA7/i_0/i_0/A->CO   FA_X1                   ff   3528.7     81.7     81.7      0.0     16.6      0.4      4.1      1    38,   38  /PD_TOP        (1.10)
RCA4/FA8/i_0/i_0/A->S    FA_X1*                  fr   3709.8    181.1    181.1      0.0     16.6      0.7     40.1      3    38,   38  /PD_TOP        (1.10)
OverFlow/i_0_2/A->ZN     INV_X8                  rf   3716.0      6.2      6.2      0.0     15.3      0.3      2.0      1    38,   38  /PD_TOP        (1.10)
OverFlow/i_0_3/B1->ZN    OAI33_X1                fr   3864.1    148.1    148.1      0.0      3.2      2.3     12.3      1    38,   38  /PD_TOP        (1.10)
of                                                r   3864.3      0.2               0.2    138.2                              0,   40                       
------------------------------------------------------------------------------------------------------------------------------------------------------------
Report for group R2O
